main.c:131:6:HAL_GPIO_EXTI_Callback	16	static
main.c:158:6:HAL_UART_RxCpltCallback	16	static
main.c:190:6:resetBuffer	24	static
main.c:199:5:CaclValue	32	static
main.c:242:5:PID	24	static
main.c:260:7:inverseKinematic	48	static
main.c:279:5:main	16	static
main.c:566:6:SystemClock_Config	88	static
main.c:611:13:MX_TIM1_Init	80	static
main.c:688:13:MX_TIM2_Init	56	static
main.c:737:13:MX_TIM3_Init	56	static
main.c:786:13:MX_TIM4_Init	48	static
main.c:847:13:MX_TIM5_Init	48	static
main.c:900:13:MX_UART5_Init	8	static
main.c:933:13:MX_GPIO_Init	48	static
main.c:977:6:Error_Handler	4	static,ignoring_inline_asm
