main.c:127:6:HAL_GPIO_EXTI_Callback	16	static
main.c:154:6:HAL_UART_RxCpltCallback	16	static
main.c:186:6:resetBuffer	24	static
main.c:199:5:PID	32	static
main.c:216:5:main	24	static
main.c:567:6:SystemClock_Config	88	static
main.c:612:13:MX_ADC1_Init	24	static
main.c:662:13:MX_TIM1_Init	80	static
main.c:727:13:MX_TIM2_Init	56	static
main.c:776:13:MX_TIM3_Init	56	static
main.c:825:13:MX_TIM4_Init	48	static
main.c:886:13:MX_UART5_Init	8	static
main.c:919:13:MX_GPIO_Init	48	static
main.c:963:6:Error_Handler	4	static,ignoring_inline_asm
