Archive member included to satisfy reference by file (symbol)

d:/stm32/cubeide/stm32cubeide_1.4.0/stm32cubeide/plugins/com.st.stm32cube.ide.mcu.externaltools.gnu-tools-for-stm32.7-2018-q2-update.win32_1.5.0.202011040924/tools/bin/../lib/gcc/arm-none-eabi/7.3.1/../../../../arm-none-eabi/lib/thumb/v7e-m/fpv4-sp/hard\libc_nano.a(lib_a-errno.o)
                              Core/Src/syscalls.o (__errno)
d:/stm32/cubeide/stm32cubeide_1.4.0/stm32cubeide/plugins/com.st.stm32cube.ide.mcu.externaltools.gnu-tools-for-stm32.7-2018-q2-update.win32_1.5.0.202011040924/tools/bin/../lib/gcc/arm-none-eabi/7.3.1/../../../../arm-none-eabi/lib/thumb/v7e-m/fpv4-sp/hard\libc_nano.a(lib_a-exit.o)
                              d:/stm32/cubeide/stm32cubeide_1.4.0/stm32cubeide/plugins/com.st.stm32cube.ide.mcu.externaltools.gnu-tools-for-stm32.7-2018-q2-update.win32_1.5.0.202011040924/tools/bin/../lib/gcc/arm-none-eabi/7.3.1/../../../../arm-none-eabi/lib/thumb/v7e-m/fpv4-sp/hard/crt0.o (exit)
d:/stm32/cubeide/stm32cubeide_1.4.0/stm32cubeide/plugins/com.st.stm32cube.ide.mcu.externaltools.gnu-tools-for-stm32.7-2018-q2-update.win32_1.5.0.202011040924/tools/bin/../lib/gcc/arm-none-eabi/7.3.1/../../../../arm-none-eabi/lib/thumb/v7e-m/fpv4-sp/hard\libc_nano.a(lib_a-impure.o)
                              d:/stm32/cubeide/stm32cubeide_1.4.0/stm32cubeide/plugins/com.st.stm32cube.ide.mcu.externaltools.gnu-tools-for-stm32.7-2018-q2-update.win32_1.5.0.202011040924/tools/bin/../lib/gcc/arm-none-eabi/7.3.1/../../../../arm-none-eabi/lib/thumb/v7e-m/fpv4-sp/hard\libc_nano.a(lib_a-exit.o) (_global_impure_ptr)
d:/stm32/cubeide/stm32cubeide_1.4.0/stm32cubeide/plugins/com.st.stm32cube.ide.mcu.externaltools.gnu-tools-for-stm32.7-2018-q2-update.win32_1.5.0.202011040924/tools/bin/../lib/gcc/arm-none-eabi/7.3.1/../../../../arm-none-eabi/lib/thumb/v7e-m/fpv4-sp/hard\libc_nano.a(lib_a-init.o)
                              d:/stm32/cubeide/stm32cubeide_1.4.0/stm32cubeide/plugins/com.st.stm32cube.ide.mcu.externaltools.gnu-tools-for-stm32.7-2018-q2-update.win32_1.5.0.202011040924/tools/bin/../lib/gcc/arm-none-eabi/7.3.1/../../../../arm-none-eabi/lib/thumb/v7e-m/fpv4-sp/hard/crt0.o (__libc_init_array)
d:/stm32/cubeide/stm32cubeide_1.4.0/stm32cubeide/plugins/com.st.stm32cube.ide.mcu.externaltools.gnu-tools-for-stm32.7-2018-q2-update.win32_1.5.0.202011040924/tools/bin/../lib/gcc/arm-none-eabi/7.3.1/../../../../arm-none-eabi/lib/thumb/v7e-m/fpv4-sp/hard\libc_nano.a(lib_a-memset.o)
                              d:/stm32/cubeide/stm32cubeide_1.4.0/stm32cubeide/plugins/com.st.stm32cube.ide.mcu.externaltools.gnu-tools-for-stm32.7-2018-q2-update.win32_1.5.0.202011040924/tools/bin/../lib/gcc/arm-none-eabi/7.3.1/../../../../arm-none-eabi/lib/thumb/v7e-m/fpv4-sp/hard/crt0.o (memset)
d:/stm32/cubeide/stm32cubeide_1.4.0/stm32cubeide/plugins/com.st.stm32cube.ide.mcu.externaltools.gnu-tools-for-stm32.7-2018-q2-update.win32_1.5.0.202011040924/tools/bin/../lib/gcc/arm-none-eabi/7.3.1/thumb/v7e-m/fpv4-sp/hard\libgcc.a(_arm_addsubdf3.o)
                              Core/Src/main.o (__aeabi_dsub)
d:/stm32/cubeide/stm32cubeide_1.4.0/stm32cubeide/plugins/com.st.stm32cube.ide.mcu.externaltools.gnu-tools-for-stm32.7-2018-q2-update.win32_1.5.0.202011040924/tools/bin/../lib/gcc/arm-none-eabi/7.3.1/thumb/v7e-m/fpv4-sp/hard\libgcc.a(_arm_muldivdf3.o)
                              Core/Src/main.o (__aeabi_dmul)
d:/stm32/cubeide/stm32cubeide_1.4.0/stm32cubeide/plugins/com.st.stm32cube.ide.mcu.externaltools.gnu-tools-for-stm32.7-2018-q2-update.win32_1.5.0.202011040924/tools/bin/../lib/gcc/arm-none-eabi/7.3.1/thumb/v7e-m/fpv4-sp/hard\libgcc.a(_arm_fixdfsi.o)
                              Core/Src/main.o (__aeabi_d2iz)
d:/stm32/cubeide/stm32cubeide_1.4.0/stm32cubeide/plugins/com.st.stm32cube.ide.mcu.externaltools.gnu-tools-for-stm32.7-2018-q2-update.win32_1.5.0.202011040924/tools/bin/../lib/gcc/arm-none-eabi/7.3.1/thumb/v7e-m/fpv4-sp/hard\libgcc.a(_arm_truncdfsf2.o)
                              Core/Src/main.o (__aeabi_d2f)
d:/stm32/cubeide/stm32cubeide_1.4.0/stm32cubeide/plugins/com.st.stm32cube.ide.mcu.externaltools.gnu-tools-for-stm32.7-2018-q2-update.win32_1.5.0.202011040924/tools/bin/../lib/gcc/arm-none-eabi/7.3.1/thumb/v7e-m/fpv4-sp/hard\libgcc.a(_aeabi_uldivmod.o)
                              Drivers/STM32F4xx_HAL_Driver/Src/stm32f4xx_hal_rcc.o (__aeabi_uldivmod)
d:/stm32/cubeide/stm32cubeide_1.4.0/stm32cubeide/plugins/com.st.stm32cube.ide.mcu.externaltools.gnu-tools-for-stm32.7-2018-q2-update.win32_1.5.0.202011040924/tools/bin/../lib/gcc/arm-none-eabi/7.3.1/thumb/v7e-m/fpv4-sp/hard\libgcc.a(_udivmoddi4.o)
                              d:/stm32/cubeide/stm32cubeide_1.4.0/stm32cubeide/plugins/com.st.stm32cube.ide.mcu.externaltools.gnu-tools-for-stm32.7-2018-q2-update.win32_1.5.0.202011040924/tools/bin/../lib/gcc/arm-none-eabi/7.3.1/thumb/v7e-m/fpv4-sp/hard\libgcc.a(_aeabi_uldivmod.o) (__udivmoddi4)
[...]
Memory Configuration

Name             Origin             Length             Attributes
CCMRAM           0x0000000010000000 0x0000000000010000 xrw
RAM              0x0000000020000000 0x0000000000020000 xrw
FLASH            0x0000000008000000 0x0000000000100000 xr
*default*        0x0000000000000000 0xffffffffffffffff

Linker script and memory map

LOAD d:/stm32/cubeide/stm32cubeide_1.4.0/stm32cubeide/plugins/com.st.stm32cube.ide.mcu.externaltools.gnu-tools-for-stm32.7-2018-q2-update.win32_1.5.0.202011040924/tools/bin/../lib/gcc/arm-none-eabi/7.3.1/thumb/v7e-m/fpv4-sp/hard/crti.o
LOAD d:/stm32/cubeide/stm32cubeide_1.4.0/stm32cubeide/plugins/com.st.stm32cube.ide.mcu.externaltools.gnu-tools-for-stm32.7-2018-q2-update.win32_1.5.0.202011040924/tools/bin/../lib/gcc/arm-none-eabi/7.3.1/thumb/v7e-m/fpv4-sp/hard/crtbegin.o
LOAD d:/stm32/cubeide/stm32cubeide_1.4.0/stm32cubeide/plugins/com.st.stm32cube.ide.mcu.externaltools.gnu-tools-for-stm32.7-2018-q2-update.win32_1.5.0.202011040924/tools/bin/../lib/gcc/arm-none-eabi/7.3.1/../../../../arm-none-eabi/lib/thumb/v7e-m/fpv4-sp/hard/crt0.o
LOAD Core/Src/main.o
LOAD Core/Src/stm32f4xx_hal_msp.o
LOAD Core/Src/stm32f4xx_it.o
LOAD Core/Src/syscalls.o
LOAD Core/Src/sysmem.o
LOAD Core/Src/system_stm32f4xx.o
LOAD Core/Startup/startup_stm32f407vgtx.o
LOAD Drivers/STM32F4xx_HAL_Driver/Src/stm32f4xx_hal.o
LOAD Drivers/STM32F4xx_HAL_Driver/Src/stm32f4xx_hal_cortex.o
LOAD Drivers/STM32F4xx_HAL_Driver/Src/stm32f4xx_hal_dma.o
LOAD Drivers/STM32F4xx_HAL_Driver/Src/stm32f4xx_hal_dma_ex.o
LOAD Drivers/STM32F4xx_HAL_Driver/Src/stm32f4xx_hal_exti.o
LOAD Drivers/STM32F4xx_HAL_Driver/Src/stm32f4xx_hal_flash.o
LOAD Drivers/STM32F4xx_HAL_Driver/Src/stm32f4xx_hal_flash_ex.o
LOAD Drivers/STM32F4xx_HAL_Driver/Src/stm32f4xx_hal_flash_ramfunc.o
LOAD Drivers/STM32F4xx_HAL_Driver/Src/stm32f4xx_hal_gpio.o
LOAD Drivers/STM32F4xx_HAL_Driver/Src/stm32f4xx_hal_pwr.o
LOAD Drivers/STM32F4xx_HAL_Driver/Src/stm32f4xx_hal_pwr_ex.o
LOAD Drivers/STM32F4xx_HAL_Driver/Src/stm32f4xx_hal_rcc.o
LOAD Drivers/STM32F4xx_HAL_Driver/Src/stm32f4xx_hal_rcc_ex.o
LOAD Drivers/STM32F4xx_HAL_Driver/Src/stm32f4xx_hal_tim.o
LOAD Drivers/STM32F4xx_HAL_Driver/Src/stm32f4xx_hal_tim_ex.o
LOAD Drivers/STM32F4xx_HAL_Driver/Src/stm32f4xx_hal_uart.o
START GROUP
LOAD d:/stm32/cubeide/stm32cubeide_1.4.0/stm32cubeide/plugins/com.st.stm32cube.ide.mcu.externaltools.gnu-tools-for-stm32.7-2018-q2-update.win32_1.5.0.202011040924/tools/bin/../lib/gcc/arm-none-eabi/7.3.1/../../../../arm-none-eabi/lib/thumb/v7e-m/fpv4-sp/hard\libc_nano.a
LOAD d:/stm32/cubeide/stm32cubeide_1.4.0/stm32cubeide/plugins/com.st.stm32cube.ide.mcu.externaltools.gnu-tools-for-stm32.7-2018-q2-update.win32_1.5.0.202011040924/tools/bin/../lib/gcc/arm-none-eabi/7.3.1/../../../../arm-none-eabi/lib/thumb/v7e-m/fpv4-sp/hard\libm.a
END GROUP
START GROUP
LOAD d:/stm32/cubeide/stm32cubeide_1.4.0/stm32cubeide/plugins/com.st.stm32cube.ide.mcu.externaltools.gnu-tools-for-stm32.7-2018-q2-update.win32_1.5.0.202011040924/tools/bin/../lib/gcc/arm-none-eabi/7.3.1/thumb/v7e-m/fpv4-sp/hard\libgcc.a
LOAD d:/stm32/cubeide/stm32cubeide_1.4.0/stm32cubeide/plugins/com.st.stm32cube.ide.mcu.externaltools.gnu-tools-for-stm32.7-2018-q2-update.win32_1.5.0.202011040924/tools/bin/../lib/gcc/arm-none-eabi/7.3.1/../../../../arm-none-eabi/lib/thumb/v7e-m/fpv4-sp/hard\libc_nano.a
END GROUP
START GROUP
LOAD d:/stm32/cubeide/stm32cubeide_1.4.0/stm32cubeide/plugins/com.st.stm32cube.ide.mcu.externaltools.gnu-tools-for-stm32.7-2018-q2-update.win32_1.5.0.202011040924/tools/bin/../lib/gcc/arm-none-eabi/7.3.1/thumb/v7e-m/fpv4-sp/hard\libgcc.a
LOAD d:/stm32/cubeide/stm32cubeide_1.4.0/stm32cubeide/plugins/com.st.stm32cube.ide.mcu.externaltools.gnu-tools-for-stm32.7-2018-q2-update.win32_1.5.0.202011040924/tools/bin/../lib/gcc/arm-none-eabi/7.3.1/../../../../arm-none-eabi/lib/thumb/v7e-m/fpv4-sp/hard\libc_nano.a
LOAD d:/stm32/cubeide/stm32cubeide_1.4.0/stm32cubeide/plugins/com.st.stm32cube.ide.mcu.externaltools.gnu-tools-for-stm32.7-2018-q2-update.win32_1.5.0.202011040924/tools/bin/../lib/gcc/arm-none-eabi/7.3.1/../../../../arm-none-eabi/lib/thumb/v7e-m/fpv4-sp/hard\libnosys.a
END GROUP
START GROUP
LOAD d:/stm32/cubeide/stm32cubeide_1.4.0/stm32cubeide/plugins/com.st.stm32cube.ide.mcu.externaltools.gnu-tools-for-stm32.7-2018-q2-update.win32_1.5.0.202011040924/tools/bin/../lib/gcc/arm-none-eabi/7.3.1/thumb/v7e-m/fpv4-sp/hard\libgcc.a
LOAD d:/stm32/cubeide/stm32cubeide_1.4.0/stm32cubeide/plugins/com.st.stm32cube.ide.mcu.externaltools.gnu-tools-for-stm32.7-2018-q2-update.win32_1.5.0.202011040924/tools/bin/../lib/gcc/arm-none-eabi/7.3.1/../../../../arm-none-eabi/lib/thumb/v7e-m/fpv4-sp/hard\libc_nano.a
LOAD d:/stm32/cubeide/stm32cubeide_1.4.0/stm32cubeide/plugins/com.st.stm32cube.ide.mcu.externaltools.gnu-tools-for-stm32.7-2018-q2-update.win32_1.5.0.202011040924/tools/bin/../lib/gcc/arm-none-eabi/7.3.1/../../../../arm-none-eabi/lib/thumb/v7e-m/fpv4-sp/hard\libnosys.a
END GROUP
LOAD d:/stm32/cubeide/stm32cubeide_1.4.0/stm32cubeide/plugins/com.st.stm32cube.ide.mcu.externaltools.gnu-tools-for-stm32.7-2018-q2-update.win32_1.5.0.202011040924/tools/bin/../lib/gcc/arm-none-eabi/7.3.1/thumb/v7e-m/fpv4-sp/hard/crtend.o
LOAD d:/stm32/cubeide/stm32cubeide_1.4.0/stm32cubeide/plugins/com.st.stm32cube.ide.mcu.externaltools.gnu-tools-for-stm32.7-2018-q2-update.win32_1.5.0.202011040924/tools/bin/../lib/gcc/arm-none-eabi/7.3.1/thumb/v7e-m/fpv4-sp/hard/crtn.o
                0x0000000020020000                _estack = (ORIGIN (RAM) + LENGTH (RAM))
                0x0000000000000200                _Min_Heap_Size = 0x200
                0x0000000000000400                _Min_Stack_Size = 0x400

.isr_vector     0x0000000008000000      0x188
                0x0000000008000000                . = ALIGN (0x4)
 *(.isr_vector)
 .isr_vector    0x0000000008000000      0x188 Core/Startup/startup_stm32f407vgtx.o
                0x0000000008000000                g_pfnVectors
                0x0000000008000188                . = ALIGN (0x4)

.text           0x0000000008000188     0x4a0c
                0x0000000008000188                . = ALIGN (0x4)
 *(.text)
 .text          0x0000000008000188       0x40 d:/stm32/cubeide/stm32cubeide_1.4.0/stm32cubeide/plugins/com.st.stm32cube.ide.mcu.externaltools.gnu-tools-for-stm32.7-2018-q2-update.win32_1.5.0.202011040924/tools/bin/../lib/gcc/arm-none-eabi/7.3.1/thumb/v7e-m/fpv4-sp/hard/crtbegin.o
 .text          0x00000000080001c8      0x378 d:/stm32/cubeide/stm32cubeide_1.4.0/stm32cubeide/plugins/com.st.stm32cube.ide.mcu.externaltools.gnu-tools-for-stm32.7-2018-q2-update.win32_1.5.0.202011040924/tools/bin/../lib/gcc/arm-none-eabi/7.3.1/thumb/v7e-m/fpv4-sp/hard\libgcc.a(_arm_addsubdf3.o)
                0x00000000080001c8                __aeabi_drsub
                0x00000000080001d0                __aeabi_dsub
                0x00000000080001d0                __subdf3
                0x00000000080001d4                __aeabi_dadd
                0x00000000080001d4                __adddf3
                0x000000000800044c                __floatunsidf
                0x000000000800044c                __aeabi_ui2d
                0x000000000800046c                __floatsidf
                0x000000000800046c                __aeabi_i2d
                0x0000000008000490                __aeabi_f2d
                0x0000000008000490                __extendsfdf2
                0x00000000080004d4                __floatundidf
                0x00000000080004d4                __aeabi_ul2d
                0x00000000080004e4                __floatdidf
                0x00000000080004e4                __aeabi_l2d
 .text          0x0000000008000540      0x424 d:/stm32/cubeide/stm32cubeide_1.4.0/stm32cubeide/plugins/com.st.stm32cube.ide.mcu.externaltools.gnu-tools-for-stm32.7-2018-q2-update.win32_1.5.0.202011040924/tools/bin/../lib/gcc/arm-none-eabi/7.3.1/thumb/v7e-m/fpv4-sp/hard\libgcc.a(_arm_muldivdf3.o)
                0x0000000008000540                __aeabi_dmul
                0x0000000008000540                __muldf3
                0x0000000008000794                __divdf3
                0x0000000008000794                __aeabi_ddiv
 .text          0x0000000008000964       0x50 d:/stm32/cubeide/stm32cubeide_1.4.0/stm32cubeide/plugins/com.st.stm32cube.ide.mcu.externaltools.gnu-tools-for-stm32.7-2018-q2-update.win32_1.5.0.202011040924/tools/bin/../lib/gcc/arm-none-eabi/7.3.1/thumb/v7e-m/fpv4-sp/hard\libgcc.a(_arm_fixdfsi.o)
                0x0000000008000964                __aeabi_d2iz
                0x0000000008000964                __fixdfsi
 .text          0x00000000080009b4       0xa0 d:/stm32/cubeide/stm32cubeide_1.4.0/stm32cubeide/plugins/com.st.stm32cube.ide.mcu.externaltools.gnu-tools-for-stm32.7-2018-q2-update.win32_1.5.0.202011040924/tools/bin/../lib/gcc/arm-none-eabi/7.3.1/thumb/v7e-m/fpv4-sp/hard\libgcc.a(_arm_truncdfsf2.o)
                0x00000000080009b4                __truncdfsf2
                0x00000000080009b4                __aeabi_d2f
 .text          0x0000000008000a54       0x30 d:/stm32/cubeide/stm32cubeide_1.4.0/stm32cubeide/plugins/com.st.stm32cube.ide.mcu.externaltools.gnu-tools-for-stm32.7-2018-q2-update.win32_1.5.0.202011040924/tools/bin/../lib/gcc/arm-none-eabi/7.3.1/thumb/v7e-m/fpv4-sp/hard\libgcc.a(_aeabi_uldivmod.o)
                0x0000000008000a54                __aeabi_uldivmod
 .text          0x0000000008000a84      0x2cc d:/stm32/cubeide/stm32cubeide_1.4.0/stm32cubeide/plugins/com.st.stm32cube.ide.mcu.externaltools.gnu-tools-for-stm32.7-2018-q2-update.win32_1.5.0.202011040924/tools/bin/../lib/gcc/arm-none-eabi/7.3.1/thumb/v7e-m/fpv4-sp/hard\libgcc.a(_udivmoddi4.o)
                0x0000000008000a84                __udivmoddi4
 .text          0x0000000008000d50        0x4 d:/stm32/cubeide/stm32cubeide_1.4.0/stm32cubeide/plugins/com.st.stm32cube.ide.mcu.externaltools.gnu-tools-for-stm32.7-2018-q2-update.win32_1.5.0.202011040924/tools/bin/../lib/gcc/arm-none-eabi/7.3.1/thumb/v7e-m/fpv4-sp/hard\libgcc.a(_dvmd_tls.o)
                0x0000000008000d50                __aeabi_idiv0
                0x0000000008000d50                __aeabi_ldiv0
 *(.text*)
 .text.HAL_GPIO_EXTI_Callback
                0x0000000008000d54       0x80 Core/Src/main.o
                0x0000000008000d54                HAL_GPIO_EXTI_Callback
 .text.HAL_UART_RxCpltCallback
                0x0000000008000dd4       0xa4 Core/Src/main.o
                0x0000000008000dd4                HAL_UART_RxCpltCallback
 .text.resetBuffer
                0x0000000008000e78       0x30 Core/Src/main.o
                0x0000000008000e78                resetBuffer
 .text.PID      0x0000000008000ea8       0xc0 Core/Src/main.o
                0x0000000008000ea8                PID
 .text.main     0x0000000008000f68      0x8f0 Core/Src/main.o
                0x0000000008000f68                main
 .text.SystemClock_Config
                0x0000000008001858       0xd4 Core/Src/main.o
                0x0000000008001858                SystemClock_Config
 .text.MX_TIM1_Init
                0x000000000800192c      0x150 Core/Src/main.o
 .text.MX_TIM2_Init
                0x0000000008001a7c       0xa8 Core/Src/main.o
 .text.MX_TIM3_Init
                0x0000000008001b24       0xa8 Core/Src/main.o
 .text.MX_TIM4_Init
                0x0000000008001bcc       0xf8 Core/Src/main.o
 .text.MX_TIM5_Init
                0x0000000008001cc4       0xcc Core/Src/main.o
 .text.MX_UART5_Init
                0x0000000008001d90       0x54 Core/Src/main.o
 .text.MX_GPIO_Init
                0x0000000008001de4      0x11c Core/Src/main.o
 .text.Error_Handler
                0x0000000008001f00        0x8 Core/Src/main.o
                0x0000000008001f00                Error_Handler
 .text.HAL_MspInit
                0x0000000008001f08       0x50 Core/Src/stm32f4xx_hal_msp.o
                0x0000000008001f08                HAL_MspInit
 .text.HAL_TIM_PWM_MspInit
                0x0000000008001f58       0x9c Core/Src/stm32f4xx_hal_msp.o
                0x0000000008001f58                HAL_TIM_PWM_MspInit
 .text.HAL_TIM_Encoder_MspInit
                0x0000000008001ff4       0xf4 Core/Src/stm32f4xx_hal_msp.o
                0x0000000008001ff4                HAL_TIM_Encoder_MspInit
 .text.HAL_TIM_MspPostInit
                0x00000000080020e8      0x118 Core/Src/stm32f4xx_hal_msp.o
                0x00000000080020e8                HAL_TIM_MspPostInit
 .text.HAL_UART_MspInit
                0x0000000008002200       0xe0 Core/Src/stm32f4xx_hal_msp.o
                0x0000000008002200                HAL_UART_MspInit
 .text.NMI_Handler
                0x00000000080022e0        0x6 Core/Src/stm32f4xx_it.o
                0x00000000080022e0                NMI_Handler
 .text.HardFault_Handler
                0x00000000080022e6        0x6 Core/Src/stm32f4xx_it.o
                0x00000000080022e6                HardFault_Handler
 .text.MemManage_Handler
                0x00000000080022ec        0x6 Core/Src/stm32f4xx_it.o
                0x00000000080022ec                MemManage_Handler
 .text.BusFault_Handler
                0x00000000080022f2        0x6 Core/Src/stm32f4xx_it.o
                0x00000000080022f2                BusFault_Handler
 .text.UsageFault_Handler
                0x00000000080022f8        0x6 Core/Src/stm32f4xx_it.o
                0x00000000080022f8                UsageFault_Handler
 .text.SVC_Handler
                0x00000000080022fe        0xe Core/Src/stm32f4xx_it.o
                0x00000000080022fe                SVC_Handler
 .text.DebugMon_Handler
                0x000000000800230c        0xe Core/Src/stm32f4xx_it.o
                0x000000000800230c                DebugMon_Handler
 .text.PendSV_Handler
                0x000000000800231a        0xe Core/Src/stm32f4xx_it.o
                0x000000000800231a                PendSV_Handler
 .text.SysTick_Handler
                0x0000000008002328        0xc Core/Src/stm32f4xx_it.o
                0x0000000008002328                SysTick_Handler
 .text.EXTI4_IRQHandler
                0x0000000008002334        0xe Core/Src/stm32f4xx_it.o
                0x0000000008002334                EXTI4_IRQHandler
 .text.EXTI9_5_IRQHandler
                0x0000000008002342        0xe Core/Src/stm32f4xx_it.o
                0x0000000008002342                EXTI9_5_IRQHandler
 .text.UART5_IRQHandler
                0x0000000008002350       0x14 Core/Src/stm32f4xx_it.o
                0x0000000008002350                UART5_IRQHandler
 .text.SystemInit
                0x0000000008002364       0x2c Core/Src/system_stm32f4xx.o
                0x0000000008002364                SystemInit
 .text.Reset_Handler
                0x0000000008002390       0x50 Core/Startup/startup_stm32f407vgtx.o
                0x0000000008002390                Reset_Handler
 .text.Default_Handler
                0x00000000080023e0        0x2 Core/Startup/startup_stm32f407vgtx.o
                0x00000000080023e0                RTC_Alarm_IRQHandler
                0x00000000080023e0                HASH_RNG_IRQHandler
                0x00000000080023e0                EXTI2_IRQHandler
                0x00000000080023e0                TIM8_CC_IRQHandler
                0x00000000080023e0                TIM1_CC_IRQHandler
                0x00000000080023e0                DMA2_Stream5_IRQHandler
                0x00000000080023e0                DMA1_Stream5_IRQHandler
                0x00000000080023e0                PVD_IRQHandler
                0x00000000080023e0                SDIO_IRQHandler
                0x00000000080023e0                TAMP_STAMP_IRQHandler
                0x00000000080023e0                CAN2_RX1_IRQHandler
                0x00000000080023e0                EXTI3_IRQHandler
                0x00000000080023e0                TIM8_TRG_COM_TIM14_IRQHandler
                0x00000000080023e0                TIM1_UP_TIM10_IRQHandler
                0x00000000080023e0                TIM8_UP_TIM13_IRQHandler
                0x00000000080023e0                I2C3_ER_IRQHandler
                0x00000000080023e0                EXTI0_IRQHandler
                0x00000000080023e0                I2C2_EV_IRQHandler
                0x00000000080023e0                DMA1_Stream2_IRQHandler
                0x00000000080023e0                CAN1_RX0_IRQHandler
                0x00000000080023e0                FPU_IRQHandler
                0x00000000080023e0                OTG_HS_WKUP_IRQHandler
                0x00000000080023e0                CAN2_SCE_IRQHandler
                0x00000000080023e0                DMA2_Stream2_IRQHandler
                0x00000000080023e0                SPI1_IRQHandler
                0x00000000080023e0                TIM6_DAC_IRQHandler
                0x00000000080023e0                TIM1_BRK_TIM9_IRQHandler
                0x00000000080023e0                DCMI_IRQHandler
                0x00000000080023e0                CAN2_RX0_IRQHandler
                0x00000000080023e0                DMA2_Stream3_IRQHandler
                0x00000000080023e0                USART6_IRQHandler
                0x00000000080023e0                USART3_IRQHandler
                0x00000000080023e0                CAN1_RX1_IRQHandler
                0x00000000080023e0                DMA2_Stream0_IRQHandler
                0x00000000080023e0                TIM4_IRQHandler
                0x00000000080023e0                I2C1_EV_IRQHandler
                0x00000000080023e0                DMA1_Stream6_IRQHandler
                0x00000000080023e0                DMA1_Stream1_IRQHandler
                0x00000000080023e0                UART4_IRQHandler
                0x00000000080023e0                TIM3_IRQHandler
                0x00000000080023e0                RCC_IRQHandler
                0x00000000080023e0                TIM8_BRK_TIM12_IRQHandler
                0x00000000080023e0                Default_Handler
                0x00000000080023e0                EXTI15_10_IRQHandler
                0x00000000080023e0                ADC_IRQHandler
                0x00000000080023e0                DMA1_Stream7_IRQHandler
                0x00000000080023e0                TIM7_IRQHandler
                0x00000000080023e0                CAN2_TX_IRQHandler
                0x00000000080023e0                TIM5_IRQHandler
                0x00000000080023e0                DMA2_Stream7_IRQHandler
                0x00000000080023e0                I2C3_EV_IRQHandler
                0x00000000080023e0                RTC_WKUP_IRQHandler
                0x00000000080023e0                ETH_WKUP_IRQHandler
                0x00000000080023e0                SPI2_IRQHandler
                0x00000000080023e0                OTG_HS_EP1_IN_IRQHandler
                0x00000000080023e0                DMA1_Stream0_IRQHandler
                0x00000000080023e0                CAN1_TX_IRQHandler
                0x00000000080023e0                FSMC_IRQHandler
                0x00000000080023e0                ETH_IRQHandler
                0x00000000080023e0                OTG_HS_EP1_OUT_IRQHandler
                0x00000000080023e0                WWDG_IRQHandler
                0x00000000080023e0                TIM2_IRQHandler
                0x00000000080023e0                OTG_FS_WKUP_IRQHandler
                0x00000000080023e0                TIM1_TRG_COM_TIM11_IRQHandler
                0x00000000080023e0                OTG_HS_IRQHandler
                0x00000000080023e0                EXTI1_IRQHandler
                0x00000000080023e0                USART2_IRQHandler
                0x00000000080023e0                I2C2_ER_IRQHandler
                0x00000000080023e0                DMA2_Stream1_IRQHandler
                0x00000000080023e0                CAN1_SCE_IRQHandler
                0x00000000080023e0                FLASH_IRQHandler
                0x00000000080023e0                DMA2_Stream4_IRQHandler
                0x00000000080023e0                USART1_IRQHandler
                0x00000000080023e0                OTG_FS_IRQHandler
                0x00000000080023e0                SPI3_IRQHandler
                0x00000000080023e0                DMA1_Stream4_IRQHandler
                0x00000000080023e0                I2C1_ER_IRQHandler
                0x00000000080023e0                DMA2_Stream6_IRQHandler
                0x00000000080023e0                DMA1_Stream3_IRQHandler
 *fill*         0x00000000080023e2        0x2 
 .text.HAL_Init
                0x00000000080023e4       0x44 Drivers/STM32F4xx_HAL_Driver/Src/stm32f4xx_hal.o
                0x00000000080023e4                HAL_Init
 .text.HAL_InitTick
                0x0000000008002428       0x60 Drivers/STM32F4xx_HAL_Driver/Src/stm32f4xx_hal.o
                0x0000000008002428                HAL_InitTick
 .text.HAL_IncTick
                0x0000000008002488       0x28 Drivers/STM32F4xx_HAL_Driver/Src/stm32f4xx_hal.o
                0x0000000008002488                HAL_IncTick
 .text.HAL_GetTick
                0x00000000080024b0       0x18 Drivers/STM32F4xx_HAL_Driver/Src/stm32f4xx_hal.o
                0x00000000080024b0                HAL_GetTick
 .text.HAL_Delay
                0x00000000080024c8       0x44 Drivers/STM32F4xx_HAL_Driver/Src/stm32f4xx_hal.o
                0x00000000080024c8                HAL_Delay
 .text.__NVIC_SetPriorityGrouping
                0x000000000800250c       0x48 Drivers/STM32F4xx_HAL_Driver/Src/stm32f4xx_hal_cortex.o
 .text.__NVIC_GetPriorityGrouping
                0x0000000008002554       0x1c Drivers/STM32F4xx_HAL_Driver/Src/stm32f4xx_hal_cortex.o
 .text.__NVIC_EnableIRQ
                0x0000000008002570       0x3c Drivers/STM32F4xx_HAL_Driver/Src/stm32f4xx_hal_cortex.o
 .text.__NVIC_SetPriority
                0x00000000080025ac       0x54 Drivers/STM32F4xx_HAL_Driver/Src/stm32f4xx_hal_cortex.o
 .text.NVIC_EncodePriority
                0x0000000008002600       0x66 Drivers/STM32F4xx_HAL_Driver/Src/stm32f4xx_hal_cortex.o
 *fill*         0x0000000008002666        0x2 
 .text.SysTick_Config
                0x0000000008002668       0x44 Drivers/STM32F4xx_HAL_Driver/Src/stm32f4xx_hal_cortex.o
 .text.HAL_NVIC_SetPriorityGrouping
                0x00000000080026ac       0x16 Drivers/STM32F4xx_HAL_Driver/Src/stm32f4xx_hal_cortex.o
                0x00000000080026ac                HAL_NVIC_SetPriorityGrouping
 .text.HAL_NVIC_SetPriority
                0x00000000080026c2       0x38 Drivers/STM32F4xx_HAL_Driver/Src/stm32f4xx_hal_cortex.o
                0x00000000080026c2                HAL_NVIC_SetPriority
 .text.HAL_NVIC_EnableIRQ
                0x00000000080026fa       0x1c Drivers/STM32F4xx_HAL_Driver/Src/stm32f4xx_hal_cortex.o
                0x00000000080026fa                HAL_NVIC_EnableIRQ
 .text.HAL_SYSTICK_Config
                0x0000000008002716       0x18 Drivers/STM32F4xx_HAL_Driver/Src/stm32f4xx_hal_cortex.o
                0x0000000008002716                HAL_SYSTICK_Config
 .text.HAL_DMA_Abort_IT
                0x000000000800272e       0x44 Drivers/STM32F4xx_HAL_Driver/Src/stm32f4xx_hal_dma.o
                0x000000000800272e                HAL_DMA_Abort_IT
 *fill*         0x0000000008002772        0x2 
 .text.HAL_GPIO_Init
                0x0000000008002774      0x334 Drivers/STM32F4xx_HAL_Driver/Src/stm32f4xx_hal_gpio.o
                0x0000000008002774                HAL_GPIO_Init
 .text.HAL_GPIO_ReadPin
                0x0000000008002aa8       0x30 Drivers/STM32F4xx_HAL_Driver/Src/stm32f4xx_hal_gpio.o
                0x0000000008002aa8                HAL_GPIO_ReadPin
 .text.HAL_GPIO_WritePin
                0x0000000008002ad8       0x32 Drivers/STM32F4xx_HAL_Driver/Src/stm32f4xx_hal_gpio.o
                0x0000000008002ad8                HAL_GPIO_WritePin
 *fill*         0x0000000008002b0a        0x2 
 .text.HAL_GPIO_EXTI_IRQHandler
                0x0000000008002b0c       0x30 Drivers/STM32F4xx_HAL_Driver/Src/stm32f4xx_hal_gpio.o
                0x0000000008002b0c                HAL_GPIO_EXTI_IRQHandler
 .text.HAL_RCC_OscConfig
                0x0000000008002b3c      0x4e0 Drivers/STM32F4xx_HAL_Driver/Src/stm32f4xx_hal_rcc.o
                0x0000000008002b3c                HAL_RCC_OscConfig
 .text.HAL_RCC_ClockConfig
                0x000000000800301c      0x1cc Drivers/STM32F4xx_HAL_Driver/Src/stm32f4xx_hal_rcc.o
                0x000000000800301c                HAL_RCC_ClockConfig
 .text.HAL_RCC_GetSysClockFreq
                0x00000000080031e8      0x1b0 Drivers/STM32F4xx_HAL_Driver/Src/stm32f4xx_hal_rcc.o
                0x00000000080031e8                HAL_RCC_GetSysClockFreq
 .text.HAL_RCC_GetHCLKFreq
                0x0000000008003398       0x18 Drivers/STM32F4xx_HAL_Driver/Src/stm32f4xx_hal_rcc.o
                0x0000000008003398                HAL_RCC_GetHCLKFreq
 .text.HAL_RCC_GetPCLK1Freq
                0x00000000080033b0       0x28 Drivers/STM32F4xx_HAL_Driver/Src/stm32f4xx_hal_rcc.o
                0x00000000080033b0                HAL_RCC_GetPCLK1Freq
 .text.HAL_RCC_GetPCLK2Freq
                0x00000000080033d8       0x28 Drivers/STM32F4xx_HAL_Driver/Src/stm32f4xx_hal_rcc.o
                0x00000000080033d8                HAL_RCC_GetPCLK2Freq
 .text.HAL_TIM_PWM_Init
                0x0000000008003400       0x56 Drivers/STM32F4xx_HAL_Driver/Src/stm32f4xx_hal_tim.o
                0x0000000008003400                HAL_TIM_PWM_Init
 *fill*         0x0000000008003456        0x2 
 .text.HAL_TIM_PWM_Start
                0x0000000008003458       0x7c Drivers/STM32F4xx_HAL_Driver/Src/stm32f4xx_hal_tim.o
                0x0000000008003458                HAL_TIM_PWM_Start
 .text.HAL_TIM_Encoder_Init
                0x00000000080034d4      0x124 Drivers/STM32F4xx_HAL_Driver/Src/stm32f4xx_hal_tim.o
                0x00000000080034d4                HAL_TIM_Encoder_Init
 .text.HAL_TIM_Encoder_Start
                0x00000000080035f8       0x6e Drivers/STM32F4xx_HAL_Driver/Src/stm32f4xx_hal_tim.o
                0x00000000080035f8                HAL_TIM_Encoder_Start
 *fill*         0x0000000008003666        0x2 
 .text.HAL_TIM_PWM_ConfigChannel
                0x0000000008003668      0x18c Drivers/STM32F4xx_HAL_Driver/Src/stm32f4xx_hal_tim.o
                0x0000000008003668                HAL_TIM_PWM_ConfigChannel
 .text.TIM_Base_SetConfig
                0x00000000080037f4      0x140 Drivers/STM32F4xx_HAL_Driver/Src/stm32f4xx_hal_tim.o
                0x00000000080037f4                TIM_Base_SetConfig
 .text.TIM_OC1_SetConfig
                0x0000000008003934       0xe0 Drivers/STM32F4xx_HAL_Driver/Src/stm32f4xx_hal_tim.o
 .text.TIM_OC2_SetConfig
                0x0000000008003a14       0xec Drivers/STM32F4xx_HAL_Driver/Src/stm32f4xx_hal_tim.o
                0x0000000008003a14                TIM_OC2_SetConfig
 .text.TIM_OC3_SetConfig
                0x0000000008003b00       0xe8 Drivers/STM32F4xx_HAL_Driver/Src/stm32f4xx_hal_tim.o
 .text.TIM_OC4_SetConfig
                0x0000000008003be8       0xac Drivers/STM32F4xx_HAL_Driver/Src/stm32f4xx_hal_tim.o
 .text.TIM_CCxChannelCmd
                0x0000000008003c94       0x4a Drivers/STM32F4xx_HAL_Driver/Src/stm32f4xx_hal_tim.o
                0x0000000008003c94                TIM_CCxChannelCmd
 *fill*         0x0000000008003cde        0x2 
 .text.HAL_TIMEx_MasterConfigSynchronization
                0x0000000008003ce0       0xf8 Drivers/STM32F4xx_HAL_Driver/Src/stm32f4xx_hal_tim_ex.o
                0x0000000008003ce0                HAL_TIMEx_MasterConfigSynchronization
 .text.HAL_TIMEx_ConfigBreakDeadTime
                0x0000000008003dd8       0xa4 Drivers/STM32F4xx_HAL_Driver/Src/stm32f4xx_hal_tim_ex.o
                0x0000000008003dd8                HAL_TIMEx_ConfigBreakDeadTime
 .text.HAL_UART_Init
                0x0000000008003e7c       0x9a Drivers/STM32F4xx_HAL_Driver/Src/stm32f4xx_hal_uart.o
                0x0000000008003e7c                HAL_UART_Init
 .text.HAL_UART_Receive_IT
                0x0000000008003f16       0xaa Drivers/STM32F4xx_HAL_Driver/Src/stm32f4xx_hal_uart.o
                0x0000000008003f16                HAL_UART_Receive_IT
 .text.HAL_UART_IRQHandler
                0x0000000008003fc0      0x200 Drivers/STM32F4xx_HAL_Driver/Src/stm32f4xx_hal_uart.o
                0x0000000008003fc0                HAL_UART_IRQHandler
 .text.HAL_UART_TxCpltCallback
                0x00000000080041c0       0x14 Drivers/STM32F4xx_HAL_Driver/Src/stm32f4xx_hal_uart.o
                0x00000000080041c0                HAL_UART_TxCpltCallback
 .text.HAL_UART_ErrorCallback
                0x00000000080041d4       0x14 Drivers/STM32F4xx_HAL_Driver/Src/stm32f4xx_hal_uart.o
                0x00000000080041d4                HAL_UART_ErrorCallback
 .text.UART_EndRxTransfer
                0x00000000080041e8       0x3c Drivers/STM32F4xx_HAL_Driver/Src/stm32f4xx_hal_uart.o
 .text.UART_DMAAbortOnError
                0x0000000008004224       0x28 Drivers/STM32F4xx_HAL_Driver/Src/stm32f4xx_hal_uart.o
 .text.UART_Transmit_IT
                0x000000000800424c       0xac Drivers/STM32F4xx_HAL_Driver/Src/stm32f4xx_hal_uart.o
 .text.UART_EndTransmit_IT
                0x00000000080042f8       0x30 Drivers/STM32F4xx_HAL_Driver/Src/stm32f4xx_hal_uart.o
 .text.UART_Receive_IT
                0x0000000008004328      0x102 Drivers/STM32F4xx_HAL_Driver/Src/stm32f4xx_hal_uart.o
 *fill*         0x000000000800442a        0x2 
 .text.UART_SetConfig
                0x000000000800442c      0x6f8 Drivers/STM32F4xx_HAL_Driver/Src/stm32f4xx_hal_uart.o
 .text.__libc_init_array
                0x0000000008004b24       0x48 d:/stm32/cubeide/stm32cubeide_1.4.0/stm32cubeide/plugins/com.st.stm32cube.ide.mcu.externaltools.gnu-tools-for-stm32.7-2018-q2-update.win32_1.5.0.202011040924/tools/bin/../lib/gcc/arm-none-eabi/7.3.1/../../../../arm-none-eabi/lib/thumb/v7e-m/fpv4-sp/hard\libc_nano.a(lib_a-init.o)
                0x0000000008004b24                __libc_init_array
 .text.memset   0x0000000008004b6c       0x10 d:/stm32/cubeide/stm32cubeide_1.4.0/stm32cubeide/plugins/com.st.stm32cube.ide.mcu.externaltools.gnu-tools-for-stm32.7-2018-q2-update.win32_1.5.0.202011040924/tools/bin/../lib/gcc/arm-none-eabi/7.3.1/../../../../arm-none-eabi/lib/thumb/v7e-m/fpv4-sp/hard\libc_nano.a(lib_a-memset.o)
                0x0000000008004b6c                memset
 *(.glue_7)
 .glue_7        0x0000000008004b7c        0x0 linker stubs
 *(.glue_7t)
 .glue_7t       0x0000000008004b7c        0x0 linker stubs
 *(.eh_frame)
 .eh_frame      0x0000000008004b7c        0x0 d:/stm32/cubeide/stm32cubeide_1.4.0/stm32cubeide/plugins/com.st.stm32cube.ide.mcu.externaltools.gnu-tools-for-stm32.7-2018-q2-update.win32_1.5.0.202011040924/tools/bin/../lib/gcc/arm-none-eabi/7.3.1/thumb/v7e-m/fpv4-sp/hard/crtbegin.o
 *(.init)
 .init          0x0000000008004b7c        0x4 d:/stm32/cubeide/stm32cubeide_1.4.0/stm32cubeide/plugins/com.st.stm32cube.ide.mcu.externaltools.gnu-tools-for-stm32.7-2018-q2-update.win32_1.5.0.202011040924/tools/bin/../lib/gcc/arm-none-eabi/7.3.1/thumb/v7e-m/fpv4-sp/hard/crti.o
                0x0000000008004b7c                _init
 .init          0x0000000008004b80        0x8 d:/stm32/cubeide/stm32cubeide_1.4.0/stm32cubeide/plugins/com.st.stm32cube.ide.mcu.externaltools.gnu-tools-for-stm32.7-2018-q2-update.win32_1.5.0.202011040924/tools/bin/../lib/gcc/arm-none-eabi/7.3.1/thumb/v7e-m/fpv4-sp/hard/crtn.o
 *(.fini)
 .fini          0x0000000008004b88        0x4 d:/stm32/cubeide/stm32cubeide_1.4.0/stm32cubeide/plugins/com.st.stm32cube.ide.mcu.externaltools.gnu-tools-for-stm32.7-2018-q2-update.win32_1.5.0.202011040924/tools/bin/../lib/gcc/arm-none-eabi/7.3.1/thumb/v7e-m/fpv4-sp/hard/crti.o
                0x0000000008004b88                _fini
 .fini          0x0000000008004b8c        0x8 d:/stm32/cubeide/stm32cubeide_1.4.0/stm32cubeide/plugins/com.st.stm32cube.ide.mcu.externaltools.gnu-tools-for-stm32.7-2018-q2-update.win32_1.5.0.202011040924/tools/bin/../lib/gcc/arm-none-eabi/7.3.1/thumb/v7e-m/fpv4-sp/hard/crtn.o
                0x0000000008004b94                . = ALIGN (0x4)
                0x0000000008004b94                _etext = .

.vfp11_veneer   0x0000000008004b94        0x0
 .vfp11_veneer  0x0000000008004b94        0x0 linker stubs

.v4_bx          0x0000000008004b94        0x0
 .v4_bx         0x0000000008004b94        0x0 linker stubs

.iplt           0x0000000008004b94        0x0
 .iplt          0x0000000008004b94        0x0 d:/stm32/cubeide/stm32cubeide_1.4.0/stm32cubeide/plugins/com.st.stm32cube.ide.mcu.externaltools.gnu-tools-for-stm32.7-2018-q2-update.win32_1.5.0.202011040924/tools/bin/../lib/gcc/arm-none-eabi/7.3.1/thumb/v7e-m/fpv4-sp/hard/crtbegin.o

.rodata         0x0000000008004b94       0x18
                0x0000000008004b94                . = ALIGN (0x4)
 *(.rodata)
 *(.rodata*)
 .rodata.AHBPrescTable
                0x0000000008004b94       0x10 Core/Src/system_stm32f4xx.o
                0x0000000008004b94                AHBPrescTable
 .rodata.APBPrescTable
                0x0000000008004ba4        0x8 Core/Src/system_stm32f4xx.o
                0x0000000008004ba4                APBPrescTable
                0x0000000008004bac                . = ALIGN (0x4)

.ARM.extab      0x0000000008004bac        0x0
                0x0000000008004bac                . = ALIGN (0x4)
 *(.ARM.extab* .gnu.linkonce.armextab.*)
                0x0000000008004bac                . = ALIGN (0x4)

.ARM            0x0000000008004bac        0x8
                0x0000000008004bac                . = ALIGN (0x4)
                0x0000000008004bac                __exidx_start = .
 *(.ARM.exidx*)
 .ARM.exidx     0x0000000008004bac        0x8 d:/stm32/cubeide/stm32cubeide_1.4.0/stm32cubeide/plugins/com.st.stm32cube.ide.mcu.externaltools.gnu-tools-for-stm32.7-2018-q2-update.win32_1.5.0.202011040924/tools/bin/../lib/gcc/arm-none-eabi/7.3.1/thumb/v7e-m/fpv4-sp/hard\libgcc.a(_udivmoddi4.o)
                0x0000000008004bb4                __exidx_end = .
                0x0000000008004bb4                . = ALIGN (0x4)

.rel.dyn        0x0000000008004bb4        0x0
 .rel.iplt      0x0000000008004bb4        0x0 d:/stm32/cubeide/stm32cubeide_1.4.0/stm32cubeide/plugins/com.st.stm32cube.ide.mcu.externaltools.gnu-tools-for-stm32.7-2018-q2-update.win32_1.5.0.202011040924/tools/bin/../lib/gcc/arm-none-eabi/7.3.1/thumb/v7e-m/fpv4-sp/hard/crtbegin.o

.preinit_array  0x0000000008004bb4        0x0
                0x0000000008004bb4                . = ALIGN (0x4)
                0x0000000008004bb4                PROVIDE (__preinit_array_start = .)
 *(.preinit_array*)
                0x0000000008004bb4                PROVIDE (__preinit_array_end = .)
                0x0000000008004bb4                . = ALIGN (0x4)

.init_array     0x0000000008004bb4        0x4
                0x0000000008004bb4                . = ALIGN (0x4)
                0x0000000008004bb4                PROVIDE (__init_array_start = .)
 *(SORT_BY_NAME(.init_array.*))
 *(.init_array*)
 .init_array    0x0000000008004bb4        0x4 d:/stm32/cubeide/stm32cubeide_1.4.0/stm32cubeide/plugins/com.st.stm32cube.ide.mcu.externaltools.gnu-tools-for-stm32.7-2018-q2-update.win32_1.5.0.202011040924/tools/bin/../lib/gcc/arm-none-eabi/7.3.1/thumb/v7e-m/fpv4-sp/hard/crtbegin.o
                0x0000000008004bb8                PROVIDE (__init_array_end = .)
                0x0000000008004bb8                . = ALIGN (0x4)

.fini_array     0x0000000008004bb8        0x4
                0x0000000008004bb8                . = ALIGN (0x4)
                [!provide]                        PROVIDE (__fini_array_start = .)
 *(SORT_BY_NAME(.fini_array.*))
 *(.fini_array*)
 .fini_array    0x0000000008004bb8        0x4 d:/stm32/cubeide/stm32cubeide_1.4.0/stm32cubeide/plugins/com.st.stm32cube.ide.mcu.externaltools.gnu-tools-for-stm32.7-2018-q2-update.win32_1.5.0.202011040924/tools/bin/../lib/gcc/arm-none-eabi/7.3.1/thumb/v7e-m/fpv4-sp/hard/crtbegin.o
                [!provide]                        PROVIDE (__fini_array_end = .)
                0x0000000008004bbc                . = ALIGN (0x4)
                0x0000000008004bbc                _sidata = LOADADDR (.data)

.data           0x0000000020000000       0x14 load address 0x0000000008004bbc
                0x0000000020000000                . = ALIGN (0x4)
                0x0000000020000000                _sdata = .
 *(.data)
 *(.data*)
 .data.a        0x0000000020000000        0x4 Core/Src/main.o
                0x0000000020000000                a
 .data.b        0x0000000020000004        0x4 Core/Src/main.o
                0x0000000020000004                b
 .data.SystemCoreClock
                0x0000000020000008        0x4 Core/Src/system_stm32f4xx.o
                0x0000000020000008                SystemCoreClock
 .data.uwTickPrio
                0x000000002000000c        0x4 Drivers/STM32F4xx_HAL_Driver/Src/stm32f4xx_hal.o
                0x000000002000000c                uwTickPrio
 .data.uwTickFreq
                0x0000000020000010        0x1 Drivers/STM32F4xx_HAL_Driver/Src/stm32f4xx_hal.o
                0x0000000020000010                uwTickFreq
 *(.RamFunc)
 *(.RamFunc*)
                0x0000000020000014                . = ALIGN (0x4)
 *fill*         0x0000000020000011        0x3 
                0x0000000020000014                _edata = .

.igot.plt       0x0000000020000014        0x0 load address 0x0000000008004bd0
 .igot.plt      0x0000000020000014        0x0 d:/stm32/cubeide/stm32cubeide_1.4.0/stm32cubeide/plugins/com.st.stm32cube.ide.mcu.externaltools.gnu-tools-for-stm32.7-2018-q2-update.win32_1.5.0.202011040924/tools/bin/../lib/gcc/arm-none-eabi/7.3.1/thumb/v7e-m/fpv4-sp/hard/crtbegin.o
                0x0000000020000014                . = ALIGN (0x4)

.bss            0x0000000020000014      0x240 load address 0x0000000008004bd0
                0x0000000020000014                _sbss = .
                0x0000000020000014                __bss_start__ = _sbss
 *(.bss)
 .bss           0x0000000020000014       0x1c d:/stm32/cubeide/stm32cubeide_1.4.0/stm32cubeide/plugins/com.st.stm32cube.ide.mcu.externaltools.gnu-tools-for-stm32.7-2018-q2-update.win32_1.5.0.202011040924/tools/bin/../lib/gcc/arm-none-eabi/7.3.1/thumb/v7e-m/fpv4-sp/hard/crtbegin.o
 *(.bss*)
 .bss.integrador_prev
                0x0000000020000030        0x4 Core/Src/main.o
                0x0000000020000030                integrador_prev
 *(COMMON)
 COMMON         0x0000000020000034      0x21c Core/Src/main.o
                0x0000000020000034                prueba2
                0x0000000020000038                prueba
                0x000000002000003c                motorbase
                0x0000000020000048                receptor
                0x000000002000005c                dt2
                0x0000000020000060                htim4
                0x00000000200000a0                current_time
                0x00000000200000a4                current_time2
                0x00000000200000a8                encoder
                0x00000000200000ac                salida2
                0x00000000200000b0                htim5
                0x00000000200000f0                motorcodo
                0x00000000200000fc                htim3
                0x000000002000013c                coma
                0x0000000020000140                huart5
                0x0000000020000180                derivador_prev
                0x0000000020000184                val
                0x0000000020000188                pointer
                0x000000002000018c                final_carrera_2
                0x0000000020000190                buffer
                0x000000002000019a                servo
                0x000000002000019c                htim1
                0x00000000200001dc                ADC_val
                0x00000000200001e0                senalbase
                0x00000000200001e4                final_carrera
                0x00000000200001e8                error
                0x00000000200001ec                htim2
                0x000000002000022c                salida
                0x0000000020000230                servomotor
                0x000000002000023c                dt
                0x0000000020000240                encoder2
                0x0000000020000244                senalservo
                0x0000000020000248                buffe
                0x000000002000024c                senalcodo
 COMMON         0x0000000020000250        0x4 Drivers/STM32F4xx_HAL_Driver/Src/stm32f4xx_hal.o
                0x0000000020000250                uwTick
                0x0000000020000254                . = ALIGN (0x4)
                0x0000000020000254                _ebss = .
                0x0000000020000254                __bss_end__ = _ebss

._user_heap_stack
                0x0000000020000254      0x604 load address 0x0000000008004bd0
                0x0000000020000258                . = ALIGN (0x8)
 *fill*         0x0000000020000254        0x4 
                [!provide]                        PROVIDE (end = .)
                0x0000000020000258                PROVIDE (_end = .)
                0x0000000020000458                . = (. + _Min_Heap_Size)
 *fill*         0x0000000020000258      0x200 
                0x0000000020000858                . = (. + _Min_Stack_Size)
 *fill*         0x0000000020000458      0x400 
                0x0000000020000858                . = ALIGN (0x8)

/DISCARD/
 libc.a(*)
 libm.a(*)
 libgcc.a(*)

.ARM.attributes
                0x0000000000000000       0x30
 *(.ARM.attributes)
 .ARM.attributes
                0x0000000000000000       0x22 d:/stm32/cubeide/stm32cubeide_1.4.0/stm32cubeide/plugins/com.st.stm32cube.ide.mcu.externaltools.gnu-tools-for-stm32.7-2018-q2-update.win32_1.5.0.202011040924/tools/bin/../lib/gcc/arm-none-eabi/7.3.1/thumb/v7e-m/fpv4-sp/hard/crti.o
 .ARM.attributes
                0x0000000000000022       0x34 d:/stm32/cubeide/stm32cubeide_1.4.0/stm32cubeide/plugins/com.st.stm32cube.ide.mcu.externaltools.gnu-tools-for-stm32.7-2018-q2-update.win32_1.5.0.202011040924/tools/bin/../lib/gcc/arm-none-eabi/7.3.1/thumb/v7e-m/fpv4-sp/hard/crtbegin.o
 .ARM.attributes
                0x0000000000000056       0x39 Core/Src/main.o
 .ARM.attributes
                0x000000000000008f       0x39 Core/Src/stm32f4xx_hal_msp.o
 .ARM.attributes
                0x00000000000000c8       0x39 Core/Src/stm32f4xx_it.o
 .ARM.attributes
                0x0000000000000101       0x39 Core/Src/system_stm32f4xx.o
 .ARM.attributes
                0x000000000000013a       0x21 Core/Startup/startup_stm32f407vgtx.o
 .ARM.attributes
                0x000000000000015b       0x39 Drivers/STM32F4xx_HAL_Driver/Src/stm32f4xx_hal.o
 .ARM.attributes
                0x0000000000000194       0x39 Drivers/STM32F4xx_HAL_Driver/Src/stm32f4xx_hal_cortex.o
 .ARM.attributes
                0x00000000000001cd       0x39 Drivers/STM32F4xx_HAL_Driver/Src/stm32f4xx_hal_dma.o
 .ARM.attributes
                0x0000000000000206       0x39 Drivers/STM32F4xx_HAL_Driver/Src/stm32f4xx_hal_gpio.o
 .ARM.attributes
                0x000000000000023f       0x39 Drivers/STM32F4xx_HAL_Driver/Src/stm32f4xx_hal_rcc.o
 .ARM.attributes
                0x0000000000000278       0x39 Drivers/STM32F4xx_HAL_Driver/Src/stm32f4xx_hal_tim.o
 .ARM.attributes
                0x00000000000002b1       0x39 Drivers/STM32F4xx_HAL_Driver/Src/stm32f4xx_hal_tim_ex.o
 .ARM.attributes
                0x00000000000002ea       0x39 Drivers/STM32F4xx_HAL_Driver/Src/stm32f4xx_hal_uart.o
 .ARM.attributes
                0x0000000000000323       0x34 d:/stm32/cubeide/stm32cubeide_1.4.0/stm32cubeide/plugins/com.st.stm32cube.ide.mcu.externaltools.gnu-tools-for-stm32.7-2018-q2-update.win32_1.5.0.202011040924/tools/bin/../lib/gcc/arm-none-eabi/7.3.1/../../../../arm-none-eabi/lib/thumb/v7e-m/fpv4-sp/hard\libc_nano.a(lib_a-init.o)
 .ARM.attributes
                0x0000000000000357       0x34 d:/stm32/cubeide/stm32cubeide_1.4.0/stm32cubeide/plugins/com.st.stm32cube.ide.mcu.externaltools.gnu-tools-for-stm32.7-2018-q2-update.win32_1.5.0.202011040924/tools/bin/../lib/gcc/arm-none-eabi/7.3.1/../../../../arm-none-eabi/lib/thumb/v7e-m/fpv4-sp/hard\libc_nano.a(lib_a-memset.o)
 .ARM.attributes
                0x000000000000038b       0x22 d:/stm32/cubeide/stm32cubeide_1.4.0/stm32cubeide/plugins/com.st.stm32cube.ide.mcu.externaltools.gnu-tools-for-stm32.7-2018-q2-update.win32_1.5.0.202011040924/tools/bin/../lib/gcc/arm-none-eabi/7.3.1/thumb/v7e-m/fpv4-sp/hard\libgcc.a(_arm_addsubdf3.o)
 .ARM.attributes
                0x00000000000003ad       0x22 d:/stm32/cubeide/stm32cubeide_1.4.0/stm32cubeide/plugins/com.st.stm32cube.ide.mcu.externaltools.gnu-tools-for-stm32.7-2018-q2-update.win32_1.5.0.202011040924/tools/bin/../lib/gcc/arm-none-eabi/7.3.1/thumb/v7e-m/fpv4-sp/hard\libgcc.a(_arm_muldivdf3.o)
 .ARM.attributes
                0x00000000000003cf       0x22 d:/stm32/cubeide/stm32cubeide_1.4.0/stm32cubeide/plugins/com.st.stm32cube.ide.mcu.externaltools.gnu-tools-for-stm32.7-2018-q2-update.win32_1.5.0.202011040924/tools/bin/../lib/gcc/arm-none-eabi/7.3.1/thumb/v7e-m/fpv4-sp/hard\libgcc.a(_arm_fixdfsi.o)
 .ARM.attributes
                0x00000000000003f1       0x22 d:/stm32/cubeide/stm32cubeide_1.4.0/stm32cubeide/plugins/com.st.stm32cube.ide.mcu.externaltools.gnu-tools-for-stm32.7-2018-q2-update.win32_1.5.0.202011040924/tools/bin/../lib/gcc/arm-none-eabi/7.3.1/thumb/v7e-m/fpv4-sp/hard\libgcc.a(_arm_truncdfsf2.o)
 .ARM.attributes
                0x0000000000000413       0x22 d:/stm32/cubeide/stm32cubeide_1.4.0/stm32cubeide/plugins/com.st.stm32cube.ide.mcu.externaltools.gnu-tools-for-stm32.7-2018-q2-update.win32_1.5.0.202011040924/tools/bin/../lib/gcc/arm-none-eabi/7.3.1/thumb/v7e-m/fpv4-sp/hard\libgcc.a(_aeabi_uldivmod.o)
 .ARM.attributes
                0x0000000000000435       0x34 d:/stm32/cubeide/stm32cubeide_1.4.0/stm32cubeide/plugins/com.st.stm32cube.ide.mcu.externaltools.gnu-tools-for-stm32.7-2018-q2-update.win32_1.5.0.202011040924/tools/bin/../lib/gcc/arm-none-eabi/7.3.1/thumb/v7e-m/fpv4-sp/hard\libgcc.a(_udivmoddi4.o)
 .ARM.attributes
                0x0000000000000469       0x22 d:/stm32/cubeide/stm32cubeide_1.4.0/stm32cubeide/plugins/com.st.stm32cube.ide.mcu.externaltools.gnu-tools-for-stm32.7-2018-q2-update.win32_1.5.0.202011040924/tools/bin/../lib/gcc/arm-none-eabi/7.3.1/thumb/v7e-m/fpv4-sp/hard\libgcc.a(_dvmd_tls.o)
 .ARM.attributes
                0x000000000000048b       0x22 d:/stm32/cubeide/stm32cubeide_1.4.0/stm32cubeide/plugins/com.st.stm32cube.ide.mcu.externaltools.gnu-tools-for-stm32.7-2018-q2-update.win32_1.5.0.202011040924/tools/bin/../lib/gcc/arm-none-eabi/7.3.1/thumb/v7e-m/fpv4-sp/hard/crtn.o
OUTPUT(ENCODER.elf elf32-littlearm)

.debug_info     0x0000000000000000     0xb4e4
 .debug_info    0x0000000000000000     0x1f0c Core/Src/main.o
 .debug_info    0x0000000000001f0c      0xfe1 Core/Src/stm32f4xx_hal_msp.o
 .debug_info    0x0000000000002eed      0x6a7 Core/Src/stm32f4xx_it.o
 .debug_info    0x0000000000003594      0x554 Core/Src/system_stm32f4xx.o
 .debug_info    0x0000000000003ae8       0x22 Core/Startup/startup_stm32f407vgtx.o
 .debug_info    0x0000000000003b0a      0x945 Drivers/STM32F4xx_HAL_Driver/Src/stm32f4xx_hal.o
 .debug_info    0x000000000000444f      0xe28 Drivers/STM32F4xx_HAL_Driver/Src/stm32f4xx_hal_cortex.o
 .debug_info    0x0000000000005277      0x968 Drivers/STM32F4xx_HAL_Driver/Src/stm32f4xx_hal_dma.o
 .debug_info    0x0000000000005bdf      0x7b5 Drivers/STM32F4xx_HAL_Driver/Src/stm32f4xx_hal_gpio.o
 .debug_info    0x0000000000006394      0x904 Drivers/STM32F4xx_HAL_Driver/Src/stm32f4xx_hal_rcc.o
 .debug_info    0x0000000000006c98     0x24a9 Drivers/STM32F4xx_HAL_Driver/Src/stm32f4xx_hal_tim.o
 .debug_info    0x0000000000009141     0x1157 Drivers/STM32F4xx_HAL_Driver/Src/stm32f4xx_hal_tim_ex.o
 .debug_info    0x000000000000a298     0x124c Drivers/STM32F4xx_HAL_Driver/Src/stm32f4xx_hal_uart.o

.debug_abbrev   0x0000000000000000     0x1944
 .debug_abbrev  0x0000000000000000      0x324 Core/Src/main.o
 .debug_abbrev  0x0000000000000324      0x212 Core/Src/stm32f4xx_hal_msp.o
 .debug_abbrev  0x0000000000000536      0x149 Core/Src/stm32f4xx_it.o
 .debug_abbrev  0x000000000000067f      0x12b Core/Src/system_stm32f4xx.o
 .debug_abbrev  0x00000000000007aa       0x12 Core/Startup/startup_stm32f407vgtx.o
 .debug_abbrev  0x00000000000007bc      0x1c7 Drivers/STM32F4xx_HAL_Driver/Src/stm32f4xx_hal.o
 .debug_abbrev  0x0000000000000983      0x2fa Drivers/STM32F4xx_HAL_Driver/Src/stm32f4xx_hal_cortex.o
 .debug_abbrev  0x0000000000000c7d      0x229 Drivers/STM32F4xx_HAL_Driver/Src/stm32f4xx_hal_dma.o
 .debug_abbrev  0x0000000000000ea6      0x1c9 Drivers/STM32F4xx_HAL_Driver/Src/stm32f4xx_hal_gpio.o
 .debug_abbrev  0x000000000000106f      0x245 Drivers/STM32F4xx_HAL_Driver/Src/stm32f4xx_hal_rcc.o
 .debug_abbrev  0x00000000000012b4      0x230 Drivers/STM32F4xx_HAL_Driver/Src/stm32f4xx_hal_tim.o
 .debug_abbrev  0x00000000000014e4      0x21e Drivers/STM32F4xx_HAL_Driver/Src/stm32f4xx_hal_tim_ex.o
 .debug_abbrev  0x0000000000001702      0x242 Drivers/STM32F4xx_HAL_Driver/Src/stm32f4xx_hal_uart.o

.debug_aranges  0x0000000000000000      0xbe8
 .debug_aranges
                0x0000000000000000       0x88 Core/Src/main.o
 .debug_aranges
                0x0000000000000088       0x58 Core/Src/stm32f4xx_hal_msp.o
 .debug_aranges
                0x00000000000000e0       0x78 Core/Src/stm32f4xx_it.o
 .debug_aranges
                0x0000000000000158       0x28 Core/Src/system_stm32f4xx.o
 .debug_aranges
                0x0000000000000180       0x28 Core/Startup/startup_stm32f407vgtx.o
 .debug_aranges
                0x00000000000001a8       0xf0 Drivers/STM32F4xx_HAL_Driver/Src/stm32f4xx_hal.o
 .debug_aranges
                0x0000000000000298      0x118 Drivers/STM32F4xx_HAL_Driver/Src/stm32f4xx_hal_cortex.o
 .debug_aranges
                0x00000000000003b0       0x90 Drivers/STM32F4xx_HAL_Driver/Src/stm32f4xx_hal_dma.o
 .debug_aranges
                0x0000000000000440       0x58 Drivers/STM32F4xx_HAL_Driver/Src/stm32f4xx_hal_gpio.o
 .debug_aranges
                0x0000000000000498       0x88 Drivers/STM32F4xx_HAL_Driver/Src/stm32f4xx_hal_rcc.o
 .debug_aranges
                0x0000000000000520      0x3a8 Drivers/STM32F4xx_HAL_Driver/Src/stm32f4xx_hal_tim.o
 .debug_aranges
                0x00000000000008c8      0x150 Drivers/STM32F4xx_HAL_Driver/Src/stm32f4xx_hal_tim_ex.o
 .debug_aranges
                0x0000000000000a18      0x1d0 Drivers/STM32F4xx_HAL_Driver/Src/stm32f4xx_hal_uart.o

.debug_ranges   0x0000000000000000      0xb20
 .debug_ranges  0x0000000000000000       0x78 Core/Src/main.o
 .debug_ranges  0x0000000000000078       0x48 Core/Src/stm32f4xx_hal_msp.o
 .debug_ranges  0x00000000000000c0       0x68 Core/Src/stm32f4xx_it.o
 .debug_ranges  0x0000000000000128       0x18 Core/Src/system_stm32f4xx.o
 .debug_ranges  0x0000000000000140       0x20 Core/Startup/startup_stm32f407vgtx.o
 .debug_ranges  0x0000000000000160       0xe0 Drivers/STM32F4xx_HAL_Driver/Src/stm32f4xx_hal.o
 .debug_ranges  0x0000000000000240      0x108 Drivers/STM32F4xx_HAL_Driver/Src/stm32f4xx_hal_cortex.o
 .debug_ranges  0x0000000000000348       0x80 Drivers/STM32F4xx_HAL_Driver/Src/stm32f4xx_hal_dma.o
 .debug_ranges  0x00000000000003c8       0x48 Drivers/STM32F4xx_HAL_Driver/Src/stm32f4xx_hal_gpio.o
 .debug_ranges  0x0000000000000410       0x78 Drivers/STM32F4xx_HAL_Driver/Src/stm32f4xx_hal_rcc.o
 .debug_ranges  0x0000000000000488      0x398 Drivers/STM32F4xx_HAL_Driver/Src/stm32f4xx_hal_tim.o
 .debug_ranges  0x0000000000000820      0x140 Drivers/STM32F4xx_HAL_Driver/Src/stm32f4xx_hal_tim_ex.o
 .debug_ranges  0x0000000000000960      0x1c0 Drivers/STM32F4xx_HAL_Driver/Src/stm32f4xx_hal_uart.o

.debug_macro    0x0000000000000000    0x208c8
 .debug_macro   0x0000000000000000      0x27c Core/Src/main.o
 .debug_macro   0x000000000000027c      0xa5a Core/Src/main.o
 .debug_macro   0x0000000000000cd6      0x294 Core/Src/main.o
 .debug_macro   0x0000000000000f6a       0x2e Core/Src/main.o
 .debug_macro   0x0000000000000f98       0x2f Core/Src/main.o
 .debug_macro   0x0000000000000fc7       0x22 Core/Src/main.o
 .debug_macro   0x0000000000000fe9       0x8e Core/Src/main.o
 .debug_macro   0x0000000000001077       0x51 Core/Src/main.o
 .debug_macro   0x00000000000010c8       0xef Core/Src/main.o
 .debug_macro   0x00000000000011b7       0x6a Core/Src/main.o
 .debug_macro   0x0000000000001221      0x1df Core/Src/main.o
 .debug_macro   0x0000000000001400       0x1c Core/Src/main.o
 .debug_macro   0x000000000000141c       0x22 Core/Src/main.o
 .debug_macro   0x000000000000143e       0xdf Core/Src/main.o
 .debug_macro   0x000000000000151d     0x102d Core/Src/main.o
 .debug_macro   0x000000000000254a      0x11f Core/Src/main.o
 .debug_macro   0x0000000000002669    0x15e3c Core/Src/main.o
 .debug_macro   0x00000000000184a5       0x43 Core/Src/main.o
 .debug_macro   0x00000000000184e8     0x3659 Core/Src/main.o
 .debug_macro   0x000000000001bb41      0x174 Core/Src/main.o
 .debug_macro   0x000000000001bcb5       0x5a Core/Src/main.o
 .debug_macro   0x000000000001bd0f      0x96b Core/Src/main.o
 .debug_macro   0x000000000001c67a      0x9fe Core/Src/main.o
 .debug_macro   0x000000000001d078      0x117 Core/Src/main.o
 .debug_macro   0x000000000001d18f      0x13e Core/Src/main.o
 .debug_macro   0x000000000001d2cd       0x27 Core/Src/main.o
 .debug_macro   0x000000000001d2f4      0x174 Core/Src/main.o
 .debug_macro   0x000000000001d468      0x287 Core/Src/main.o
 .debug_macro   0x000000000001d6ef       0x5f Core/Src/main.o
 .debug_macro   0x000000000001d74e      0x236 Core/Src/main.o
 .debug_macro   0x000000000001d984      0x12c Core/Src/main.o
 .debug_macro   0x000000000001dab0      0x21e Core/Src/main.o
 .debug_macro   0x000000000001dcce       0x2e Core/Src/main.o
 .debug_macro   0x000000000001dcfc      0x11a Core/Src/main.o
 .debug_macro   0x000000000001de16       0x7e Core/Src/main.o
 .debug_macro   0x000000000001de94       0x89 Core/Src/main.o
 .debug_macro   0x000000000001df1d      0x8a0 Core/Src/main.o
 .debug_macro   0x000000000001e7bd       0x47 Core/Src/main.o
 .debug_macro   0x000000000001e804      0x287 Core/Src/main.o
 .debug_macro   0x000000000001ea8b      0x12d Core/Src/main.o
 .debug_macro   0x000000000001ebb8       0x46 Core/Src/main.o
 .debug_macro   0x000000000001ebfe       0x18 Core/Src/main.o
 .debug_macro   0x000000000001ec16       0x3c Core/Src/main.o
 .debug_macro   0x000000000001ec52       0x34 Core/Src/main.o
 .debug_macro   0x000000000001ec86       0x52 Core/Src/main.o
 .debug_macro   0x000000000001ecd8       0x1f Core/Src/main.o
 .debug_macro   0x000000000001ecf7       0x43 Core/Src/main.o
 .debug_macro   0x000000000001ed3a       0x20 Core/Src/main.o
 .debug_macro   0x000000000001ed5a      0x1a3 Core/Src/main.o
 .debug_macro   0x000000000001eefd      0x32a Core/Src/main.o
 .debug_macro   0x000000000001f227      0x1e1 Core/Src/main.o
 .debug_macro   0x000000000001f408      0x1d8 Core/Src/stm32f4xx_hal_msp.o
 .debug_macro   0x000000000001f5e0      0x1e2 Core/Src/stm32f4xx_it.o
 .debug_macro   0x000000000001f7c2      0x1d4 Core/Src/system_stm32f4xx.o
 .debug_macro   0x000000000001f996      0x22e Drivers/STM32F4xx_HAL_Driver/Src/stm32f4xx_hal.o
 .debug_macro   0x000000000001fbc4      0x1ce Drivers/STM32F4xx_HAL_Driver/Src/stm32f4xx_hal_cortex.o
 .debug_macro   0x000000000001fd92      0x1d4 Drivers/STM32F4xx_HAL_Driver/Src/stm32f4xx_hal_dma.o
 .debug_macro   0x000000000001ff66      0x204 Drivers/STM32F4xx_HAL_Driver/Src/stm32f4xx_hal_gpio.o
 .debug_macro   0x000000000002016a      0x1f2 Drivers/STM32F4xx_HAL_Driver/Src/stm32f4xx_hal_rcc.o
 .debug_macro   0x000000000002035c      0x1cf Drivers/STM32F4xx_HAL_Driver/Src/stm32f4xx_hal_tim.o
 .debug_macro   0x000000000002052b      0x1ce Drivers/STM32F4xx_HAL_Driver/Src/stm32f4xx_hal_tim_ex.o
 .debug_macro   0x00000000000206f9      0x1cf Drivers/STM32F4xx_HAL_Driver/Src/stm32f4xx_hal_uart.o

.debug_line     0x0000000000000000     0x87c8
 .debug_line    0x0000000000000000      0xb37 Core/Src/main.o
 .debug_line    0x0000000000000b37      0x7e3 Core/Src/stm32f4xx_hal_msp.o
 .debug_line    0x000000000000131a      0x7cb Core/Src/stm32f4xx_it.o
 .debug_line    0x0000000000001ae5      0x708 Core/Src/system_stm32f4xx.o
 .debug_line    0x00000000000021ed       0x85 Core/Startup/startup_stm32f407vgtx.o
 .debug_line    0x0000000000002272      0x8f2 Drivers/STM32F4xx_HAL_Driver/Src/stm32f4xx_hal.o
 .debug_line    0x0000000000002b64      0xa16 Drivers/STM32F4xx_HAL_Driver/Src/stm32f4xx_hal_cortex.o
 .debug_line    0x000000000000357a      0x9c0 Drivers/STM32F4xx_HAL_Driver/Src/stm32f4xx_hal_dma.o
 .debug_line    0x0000000000003f3a      0x8d1 Drivers/STM32F4xx_HAL_Driver/Src/stm32f4xx_hal_gpio.o
 .debug_line    0x000000000000480b      0x94a Drivers/STM32F4xx_HAL_Driver/Src/stm32f4xx_hal_rcc.o
 .debug_line    0x0000000000005155     0x196b Drivers/STM32F4xx_HAL_Driver/Src/stm32f4xx_hal_tim.o
 .debug_line    0x0000000000006ac0      0xd08 Drivers/STM32F4xx_HAL_Driver/Src/stm32f4xx_hal_tim_ex.o
 .debug_line    0x00000000000077c8     0x1000 Drivers/STM32F4xx_HAL_Driver/Src/stm32f4xx_hal_uart.o

.debug_str      0x0000000000000000    0xc90ca
 .debug_str     0x0000000000000000    0xc67ec Core/Src/main.o
                                      0xc6c05 (size before relaxing)
 .debug_str     0x00000000000c67ec       0xdb Core/Src/stm32f4xx_hal_msp.o
                                      0xc2fa7 (size before relaxing)
 .debug_str     0x00000000000c68c7       0xf2 Core/Src/stm32f4xx_it.o
                                      0xc2793 (size before relaxing)
 .debug_str     0x00000000000c69b9       0xc4 Core/Src/system_stm32f4xx.o
                                      0xc2440 (size before relaxing)
 .debug_str     0x00000000000c6a7d       0x6f Core/Startup/startup_stm32f407vgtx.o
 .debug_str     0x00000000000c6aec      0x58d Drivers/STM32F4xx_HAL_Driver/Src/stm32f4xx_hal.o
                                      0xc2f0d (size before relaxing)
 .debug_str     0x00000000000c7079      0x399 Drivers/STM32F4xx_HAL_Driver/Src/stm32f4xx_hal_cortex.o
                                      0xc2cfc (size before relaxing)
 .debug_str     0x00000000000c7412      0x31d Drivers/STM32F4xx_HAL_Driver/Src/stm32f4xx_hal_dma.o
                                      0xc2855 (size before relaxing)
 .debug_str     0x00000000000c772f      0x1ec Drivers/STM32F4xx_HAL_Driver/Src/stm32f4xx_hal_gpio.o
                                      0xc267f (size before relaxing)
 .debug_str     0x00000000000c791b      0x259 Drivers/STM32F4xx_HAL_Driver/Src/stm32f4xx_hal_rcc.o
                                      0xc282d (size before relaxing)
 .debug_str     0x00000000000c7b74      0xc4a Drivers/STM32F4xx_HAL_Driver/Src/stm32f4xx_hal_tim.o
                                      0xc354c (size before relaxing)
 .debug_str     0x00000000000c87be      0x40e Drivers/STM32F4xx_HAL_Driver/Src/stm32f4xx_hal_tim_ex.o
                                      0xc2d4c (size before relaxing)
 .debug_str     0x00000000000c8bcc      0x4fe Drivers/STM32F4xx_HAL_Driver/Src/stm32f4xx_hal_uart.o
                                      0xc2c8c (size before relaxing)

.comment        0x0000000000000000       0x7b
 .comment       0x0000000000000000       0x7b Core/Src/main.o
                                         0x7c (size before relaxing)
 .comment       0x000000000000007b       0x7c Core/Src/stm32f4xx_hal_msp.o
 .comment       0x000000000000007b       0x7c Core/Src/stm32f4xx_it.o
 .comment       0x000000000000007b       0x7c Core/Src/system_stm32f4xx.o
 .comment       0x000000000000007b       0x7c Drivers/STM32F4xx_HAL_Driver/Src/stm32f4xx_hal.o
 .comment       0x000000000000007b       0x7c Drivers/STM32F4xx_HAL_Driver/Src/stm32f4xx_hal_cortex.o
 .comment       0x000000000000007b       0x7c Drivers/STM32F4xx_HAL_Driver/Src/stm32f4xx_hal_dma.o
 .comment       0x000000000000007b       0x7c Drivers/STM32F4xx_HAL_Driver/Src/stm32f4xx_hal_gpio.o
 .comment       0x000000000000007b       0x7c Drivers/STM32F4xx_HAL_Driver/Src/stm32f4xx_hal_rcc.o
 .comment       0x000000000000007b       0x7c Drivers/STM32F4xx_HAL_Driver/Src/stm32f4xx_hal_tim.o
 .comment       0x000000000000007b       0x7c Drivers/STM32F4xx_HAL_Driver/Src/stm32f4xx_hal_tim_ex.o
 .comment       0x000000000000007b       0x7c Drivers/STM32F4xx_HAL_Driver/Src/stm32f4xx_hal_uart.o

.debug_frame    0x0000000000000000     0x3360
 .debug_frame   0x0000000000000000      0x1fc Core/Src/main.o
 .debug_frame   0x00000000000001fc      0x138 Core/Src/stm32f4xx_hal_msp.o
 .debug_frame   0x0000000000000334      0x158 Core/Src/stm32f4xx_it.o
 .debug_frame   0x000000000000048c       0x58 Core/Src/system_stm32f4xx.o
 .debug_frame   0x00000000000004e4      0x374 Drivers/STM32F4xx_HAL_Driver/Src/stm32f4xx_hal.o
 .debug_frame   0x0000000000000858      0x498 Drivers/STM32F4xx_HAL_Driver/Src/stm32f4xx_hal_cortex.o
 .debug_frame   0x0000000000000cf0      0x250 Drivers/STM32F4xx_HAL_Driver/Src/stm32f4xx_hal_dma.o
 .debug_frame   0x0000000000000f40      0x14c Drivers/STM32F4xx_HAL_Driver/Src/stm32f4xx_hal_gpio.o
 .debug_frame   0x000000000000108c      0x1f0 Drivers/STM32F4xx_HAL_Driver/Src/stm32f4xx_hal_rcc.o
 .debug_frame   0x000000000000127c     0x10f0 Drivers/STM32F4xx_HAL_Driver/Src/stm32f4xx_hal_tim.o
 .debug_frame   0x000000000000236c      0x5c0 Drivers/STM32F4xx_HAL_Driver/Src/stm32f4xx_hal_tim_ex.o
 .debug_frame   0x000000000000292c      0x844 Drivers/STM32F4xx_HAL_Driver/Src/stm32f4xx_hal_uart.o
 .debug_frame   0x0000000000003170       0x2c d:/stm32/cubeide/stm32cubeide_1.4.0/stm32cubeide/plugins/com.st.stm32cube.ide.mcu.externaltools.gnu-tools-for-stm32.7-2018-q2-update.win32_1.5.0.202011040924/tools/bin/../lib/gcc/arm-none-eabi/7.3.1/../../../../arm-none-eabi/lib/thumb/v7e-m/fpv4-sp/hard\libc_nano.a(lib_a-init.o)
 .debug_frame   0x000000000000319c       0x20 d:/stm32/cubeide/stm32cubeide_1.4.0/stm32cubeide/plugins/com.st.stm32cube.ide.mcu.externaltools.gnu-tools-for-stm32.7-2018-q2-update.win32_1.5.0.202011040924/tools/bin/../lib/gcc/arm-none-eabi/7.3.1/../../../../arm-none-eabi/lib/thumb/v7e-m/fpv4-sp/hard\libc_nano.a(lib_a-memset.o)
 .debug_frame   0x00000000000031bc       0xac d:/stm32/cubeide/stm32cubeide_1.4.0/stm32cubeide/plugins/com.st.stm32cube.ide.mcu.externaltools.gnu-tools-for-stm32.7-2018-q2-update.win32_1.5.0.202011040924/tools/bin/../lib/gcc/arm-none-eabi/7.3.1/thumb/v7e-m/fpv4-sp/hard\libgcc.a(_arm_addsubdf3.o)
 .debug_frame   0x0000000000003268       0x50 d:/stm32/cubeide/stm32cubeide_1.4.0/stm32cubeide/plugins/com.st.stm32cube.ide.mcu.externaltools.gnu-tools-for-stm32.7-2018-q2-update.win32_1.5.0.202011040924/tools/bin/../lib/gcc/arm-none-eabi/7.3.1/thumb/v7e-m/fpv4-sp/hard\libgcc.a(_arm_muldivdf3.o)
 .debug_frame   0x00000000000032b8       0x24 d:/stm32/cubeide/stm32cubeide_1.4.0/stm32cubeide/plugins/com.st.stm32cube.ide.mcu.externaltools.gnu-tools-for-stm32.7-2018-q2-update.win32_1.5.0.202011040924/tools/bin/../lib/gcc/arm-none-eabi/7.3.1/thumb/v7e-m/fpv4-sp/hard\libgcc.a(_arm_fixdfsi.o)
 .debug_frame   0x00000000000032dc       0x24 d:/stm32/cubeide/stm32cubeide_1.4.0/stm32cubeide/plugins/com.st.stm32cube.ide.mcu.externaltools.gnu-tools-for-stm32.7-2018-q2-update.win32_1.5.0.202011040924/tools/bin/../lib/gcc/arm-none-eabi/7.3.1/thumb/v7e-m/fpv4-sp/hard\libgcc.a(_arm_truncdfsf2.o)
 .debug_frame   0x0000000000003300       0x2c d:/stm32/cubeide/stm32cubeide_1.4.0/stm32cubeide/plugins/com.st.stm32cube.ide.mcu.externaltools.gnu-tools-for-stm32.7-2018-q2-update.win32_1.5.0.202011040924/tools/bin/../lib/gcc/arm-none-eabi/7.3.1/thumb/v7e-m/fpv4-sp/hard\libgcc.a(_aeabi_uldivmod.o)
 .debug_frame   0x000000000000332c       0x34 d:/stm32/cubeide/stm32cubeide_1.4.0/stm32cubeide/plugins/com.st.stm32cube.ide.mcu.externaltools.gnu-tools-for-stm32.7-2018-q2-update.win32_1.5.0.202011040924/tools/bin/../lib/gcc/arm-none-eabi/7.3.1/thumb/v7e-m/fpv4-sp/hard\libgcc.a(_udivmoddi4.o)
