main.c:223:5:MPU6050_Init	32	static
main.c:258:7:MPU6050_Read_Accel	152	static
main.c:293:6:MPU6050_Read_Gyro	152	static
main.c:336:7:KalmanFUN	88	static
main.c:397:7:KalmanMPU	136	static
main.c:504:5:main	264	static
main.c:725:6:SystemClock_Config	88	static
main.c:768:13:MX_ADC1_Init	24	static
main.c:813:13:MX_I2C1_Init	8	static
main.c:847:13:MX_I2C2_Init	8	static
main.c:881:13:MX_USART1_UART_Init	8	static
main.c:914:13:MX_GPIO_Init	32	static
main.c:942:6:Error_Handler	4	static,ignoring_inline_asm
