main.c:224:9:MPU6050_Init	32	static
main.c:257:6:MPU6050_Read_Accel	48	static
main.c:279:6:MPU6050_Read_Gyro	48	static
main.c:300:6:MPU6050_Read_Temp	40	static
main.c:313:8:Kalman_getAngle	88	static
main.c:344:6:MPU6050_Read_All	104	static
main.c:389:6:HMC5883L_readAngle	104	static
main.c:405:6:HMC5883L_read	16	static
main.c:408:6:calcKinematic	72	static
main.c:435:5:main	200	static
main.c:625:6:SystemClock_Config	88	static
main.c:668:13:MX_ADC1_Init	24	static
main.c:713:13:MX_I2C1_Init	8	static
main.c:747:13:MX_I2C2_Init	8	static
main.c:781:13:MX_USART1_UART_Init	8	static
main.c:814:13:MX_GPIO_Init	32	static
main.c:842:6:Error_Handler	4	static,ignoring_inline_asm
